 WARN bestool::args: logging configured from RUST_LOG RUST_LOG=warn
 WARN bestool::args: âš  RUST_LOG environment variable set or hardcoded, logging options have no effect
