-------------------------------
Alert: ./alerts/sql.yml
Recipients: test@example.com
Subject: Tamanu Alert - 1970-01-01 00:00:00 UTC
Body: <p>Automated alert! There have been 5 jobs
with errors in the past 1w. Here are the first 2:</p>
<ul>
<li>
<p>foo: err</p>
</li>
<li>
<p>bar: err</p>
</li>
</ul>

