 WARN bestool::actions::tamanu::backup_configs: Skipping production.json5 while archiving: the file is not found
